# compiler: R8
# compiler_version: 1.5.64
# pg_map_id: e9c96c0
co.omise.android.AuthorizingPaymentURLVerifier -> co.omise.android.AuthorizingPaymentURLVerifier:
    1:2:void <init>(android.net.Uri,java.util.List):27:28 -> <init>
    3:35:void <init>(android.content.Intent):32:64 -> <init>
    36:60:void <init>(android.content.Intent):42:66 -> <init>
    61:61:void <init>(android.content.Intent):39:39 -> <init>
    62:62:void <init>(android.content.Intent):36:36 -> <init>
    1:1:android.net.Uri getAuthorizedURL():8:8 -> getAuthorizedURL
    1:1:java.lang.String getAuthorizedURLString():17:17 -> getAuthorizedURLString
    1:1:java.util.List getExpectedReturnURLPatterns():9:9 -> getExpectedReturnURLPatterns
    1:2:boolean isReady():12:13 -> isReady
    1:1:boolean verifyExternalURL(android.net.Uri):60:60 -> verifyExternalURL
    1:4:boolean verifyURL(android.net.Uri):46:49 -> verifyURL
co.omise.android.AuthorizingPaymentURLVerifier$Companion -> co.omise.android.AuthorizingPaymentURLVerifier$Companion:
    1:1:void <init>():19:19 -> <init>
    2:2:void <init>(kotlin.jvm.internal.DefaultConstructorMarker):19:19 -> <init>
co.omise.android.BuildConfig -> co.omise.android.BuildConfig:
    1:1:void <init>():6:6 -> <init>
co.omise.android.CardNumber -> co.omise.android.CardNumber:
    1:1:void <init>():8:8 -> <init>
    1:3:co.omise.android.models.CardBrand brand(java.lang.String):53:55 -> brand
    1:12:java.lang.String format(java.lang.String):31:42 -> format
    1:20:boolean luhn(java.lang.String):69:88 -> luhn
    1:1:java.lang.String normalize(java.lang.String):18:18 -> normalize
co.omise.android.SDKLog -> co.omise.android.SDKLog:
    1:1:void <init>():3:3 -> <init>
    1:1:void d(java.lang.String):7:7 -> d
    1:1:void e(java.lang.String,java.lang.Throwable):11:11 -> e
    1:1:void wtf(java.lang.String,java.lang.Throwable):15:15 -> wtf
co.omise.android.api.Client -> co.omise.android.api.Client:
    1:60:void <init>(java.lang.String):21:80 -> <init>
    1:1:okhttp3.OkHttpClient access$getHttpClient$p(co.omise.android.api.Client):21:21 -> access$getHttpClient$p
    1:1:void access$setHttpClient$p(co.omise.android.api.Client,okhttp3.OkHttpClient):21:21 -> access$setHttpClient$p
    1:21:okhttp3.OkHttpClient buildHttpClient(co.omise.android.api.Config):54:74 -> buildHttpClient
    1:2:void send(co.omise.android.api.Request,co.omise.android.api.RequestListener):49:50 -> send
co.omise.android.api.Client$send$1 -> co.omise.android.api.Client$a:
    co.omise.android.api.Request $request -> c
    co.omise.android.api.Client this$0 -> a
    android.os.Handler $handler -> b
    co.omise.android.api.RequestListener $listener -> d
    1:1:void run():50:50 -> run
co.omise.android.api.Config -> co.omise.android.api.Config:
    1:9:void <init>(java.lang.String,java.lang.String):14:22 -> <init>
    10:10:void <init>(java.lang.String,java.lang.String,int,kotlin.jvm.internal.DefaultConstructorMarker):15:15 -> <init>
    1:1:java.lang.String apiVersion():38:38 -> apiVersion
    1:3:java.lang.String buildUserAgent():26:28 -> buildUserAgent
    1:1:java.lang.String publicKey():47:47 -> publicKey
    1:1:java.lang.String userAgent():56:56 -> userAgent
co.omise.android.api.Config$Companion -> co.omise.android.api.Config$Companion:
    1:1:void <init>():59:59 -> <init>
    2:2:void <init>(kotlin.jvm.internal.DefaultConstructorMarker):59:59 -> <init>
co.omise.android.api.Configurer -> co.omise.android.api.Configurer:
    1:4:void <init>(co.omise.android.api.Config):13:16 -> <init>
    1:1:okhttp3.Response intercept(okhttp3.Interceptor$Chain):20:20 -> intercept
co.omise.android.api.Configurer$Companion -> co.omise.android.api.Configurer$Companion:
    1:1:void <init>():23:23 -> <init>
    2:2:void <init>(kotlin.jvm.internal.DefaultConstructorMarker):23:23 -> <init>
    1:14:okhttp3.Request configure$sdk_release(co.omise.android.api.Config,okhttp3.Request):34:47 -> configure$sdk_release
    15:15:okhttp3.Request configure$sdk_release(co.omise.android.api.Config,okhttp3.Request):36:36 -> configure$sdk_release
co.omise.android.api.Endpoint -> co.omise.android.api.Endpoint:
    1:12:void <clinit>():65:76 -> <clinit>
    1:1:void <init>():19:19 -> <init>
    1:3:okhttp3.HttpUrl$Builder buildUrl():58:60 -> buildUrl
co.omise.android.api.Endpoint$Companion -> co.omise.android.api.Endpoint$Companion:
    1:1:void <init>():63:63 -> <init>
    2:2:void <init>(kotlin.jvm.internal.DefaultConstructorMarker):63:63 -> <init>
    1:4:java.util.List getAllEndpoints():89:92 -> getAllEndpoints
    1:4:java.util.Map getAllEndpointsByHost():98:101 -> getAllEndpointsByHost
co.omise.android.api.Endpoint$Companion$API$1 -> co.omise.android.api.Endpoint$Companion$API$1:
    1:1:void <init>():76:76 -> <init>
    1:1:java.lang.String authenticationKey(co.omise.android.api.Config):82:82 -> authenticationKey
co.omise.android.api.Endpoint$Companion$VAULT$1 -> co.omise.android.api.Endpoint$Companion$VAULT$1:
    1:1:void <init>():65:65 -> <init>
    1:1:java.lang.String authenticationKey(co.omise.android.api.Config):71:71 -> authenticationKey
co.omise.android.api.Invocation -> co.omise.android.api.Invocation:
    1:1:void <init>(android.os.Handler,okhttp3.OkHttpClient,co.omise.android.api.Request,co.omise.android.api.RequestListener,co.omise.android.models.Serializer):15:15 -> <init>
    2:2:void <init>(android.os.Handler,okhttp3.OkHttpClient,co.omise.android.api.Request,co.omise.android.api.RequestListener,co.omise.android.models.Serializer,int,kotlin.jvm.internal.DefaultConstructorMarker):20:20 -> <init>
    1:1:co.omise.android.api.RequestListener access$getListener$p(co.omise.android.api.Invocation):15:15 -> access$getListener$p
    1:1:void didFail(java.lang.Throwable):61:61 -> didFail
    1:1:void didSucceed(co.omise.android.models.Model):57:57 -> didSucceed
    1:6:void invoke():25:30 -> invoke
    7:18:void invoke():25:36 -> invoke
    19:19:void invoke():34:34 -> invoke
    1:11:void processCall(co.omise.android.api.TypedCall):41:51 -> processCall
co.omise.android.api.Invocation$didFail$1 -> co.omise.android.api.Invocation$a:
    java.lang.Throwable $e -> b
    co.omise.android.api.Invocation this$0 -> a
    1:1:void run():62:62 -> run
co.omise.android.api.Invocation$didSucceed$1 -> co.omise.android.api.Invocation$b:
    co.omise.android.models.Model $model -> b
    co.omise.android.api.Invocation this$0 -> a
    1:1:void run():57:57 -> run
co.omise.android.api.InvocationKt -> co.omise.android.api.InvocationKt:
    1:1:co.omise.android.api.TypedCall newTypedCall(okhttp3.OkHttpClient,okhttp3.Request,java.lang.Class):79:79 -> newTypedCall
co.omise.android.api.Request -> co.omise.android.api.Request:
    1:1:void <init>(java.lang.String,okhttp3.HttpUrl,okhttp3.RequestBody,java.lang.Class):13:13 -> <init>
    1:1:java.lang.String getMethod$sdk_release():14:14 -> getMethod$sdk_release
    1:1:okhttp3.RequestBody getPayload$sdk_release():16:16 -> getPayload$sdk_release
    1:1:java.lang.Class getResponseType$sdk_release():17:17 -> getResponseType$sdk_release
    1:1:okhttp3.HttpUrl getUrl$sdk_release():15:15 -> getUrl$sdk_release
co.omise.android.api.RequestBuilder -> co.omise.android.api.RequestBuilder:
    1:1:void <clinit>():110:110 -> <clinit>
    1:1:void <init>():21:21 -> <init>
    1:1:okhttp3.MediaType access$getJSON_MEDIA_TYPE$cp():21:21 -> access$getJSON_MEDIA_TYPE$cp
    1:1:co.omise.android.api.Request build():29:29 -> build
    1:1:okhttp3.HttpUrl buildUrl(co.omise.android.api.Endpoint,java.lang.String):75:75 -> buildUrl
    1:3:okhttp3.RequestBody serialize():86:88 -> serialize
    1:1:co.omise.android.models.Serializer serializer():92:92 -> serializer
co.omise.android.api.RequestBuilder$Companion -> co.omise.android.api.RequestBuilder$Companion:
    1:1:void <init>():105:105 -> <init>
    2:2:void <init>(kotlin.jvm.internal.DefaultConstructorMarker):105:105 -> <init>
    1:1:okhttp3.MediaType getJSON_MEDIA_TYPE():110:110 -> getJSON_MEDIA_TYPE
co.omise.android.api.RequestBuilder$HttpUrlBuilder -> co.omise.android.api.RequestBuilder$HttpUrlBuilder:
    1:1:void <init>(co.omise.android.api.RequestBuilder,co.omise.android.api.Endpoint,java.lang.String):95:95 -> <init>
    1:4:okhttp3.HttpUrl build():98:101 -> build
co.omise.android.api.TLSPatch -> co.omise.android.api.a:
    1:1:javax.net.ssl.X509TrustManager systemDefaultTrustManager():23:23 -> a
    2:10:javax.net.ssl.X509TrustManager systemDefaultTrustManager():22:30 -> a
    11:12:javax.net.ssl.X509TrustManager systemDefaultTrustManager():27:28 -> a
co.omise.android.api.TLSPatch$TLSSocketFactory -> co.omise.android.api.a$a:
    javax.net.ssl.SSLSocketFactory internalSSLSocketFactory -> a
    1:4:void <init>():41:44 -> <init>
    1:2:java.net.Socket enableTLSOnSocket(java.net.Socket):83:84 -> a
    1:1:java.net.Socket createSocket(java.net.Socket,java.lang.String,int,boolean):59:59 -> createSocket
    2:2:java.net.Socket createSocket(java.lang.String,int):64:64 -> createSocket
    3:3:java.net.Socket createSocket(java.lang.String,int,java.net.InetAddress,int):69:69 -> createSocket
    4:4:java.net.Socket createSocket(java.net.InetAddress,int):74:74 -> createSocket
    5:5:java.net.Socket createSocket(java.net.InetAddress,int,java.net.InetAddress,int):79:79 -> createSocket
    1:1:java.lang.String[] getDefaultCipherSuites():49:49 -> getDefaultCipherSuites
    1:1:java.lang.String[] getSupportedCipherSuites():54:54 -> getSupportedCipherSuites
co.omise.android.api.TypedCall -> co.omise.android.api.TypedCall:
    1:1:void <init>(okhttp3.Call,java.lang.Class):67:67 -> <init>
    1:1:okhttp3.Response execute():73:73 -> execute
    1:1:java.lang.Class getClazz():69:69 -> getClazz
co.omise.android.api.exceptions.ClientException -> co.omise.android.api.exceptions.ClientException:
    1:1:void <init>(java.lang.Exception):6:6 -> <init>
co.omise.android.api.exceptions.RedirectionException -> co.omise.android.api.exceptions.RedirectionException:
    1:1:void <init>():3:3 -> <init>
co.omise.android.extensions.APIErrorExtensionsKt -> co.omise.android.extensions.APIErrorExtensionsKt:
    1:8:java.lang.String getMessageFromResources(co.omise.android.models.APIError,android.content.res.Resources):8:15 -> getMessageFromResources
    9:9:java.lang.String getMessageFromResources(co.omise.android.models.APIError,android.content.res.Resources):10:10 -> getMessageFromResources
    10:21:java.lang.String getMessageFromResources(co.omise.android.models.APIError,android.content.res.Resources):8:19 -> getMessageFromResources
co.omise.android.extensions.EditTextExtensionsKt -> co.omise.android.extensions.EditTextExtensionsKt:
    1:1:void disableOptions(android.widget.EditText):11:11 -> disableOptions
    1:1:void setOnAfterTextChangeListener(android.widget.EditText,kotlin.jvm.functions.Function0):29:29 -> setOnAfterTextChangeListener
co.omise.android.extensions.EditTextExtensionsKt$disableOptions$1 -> co.omise.android.extensions.EditTextExtensionsKt$disableOptions$1:
    1:1:void <init>():11:11 -> <init>
co.omise.android.extensions.EditTextExtensionsKt$setOnAfterTextChangeListener$1 -> co.omise.android.extensions.EditTextExtensionsKt$setOnAfterTextChangeListener$1:
    1:1:void <init>(kotlin.jvm.functions.Function0):29:29 -> <init>
    1:1:void afterTextChanged(android.text.Editable):31:31 -> afterTextChanged
co.omise.android.extensions.StringExtensionsKt -> co.omise.android.extensions.StringExtensionsKt:
    1:1:boolean isContains(java.lang.String,java.lang.String):4:4 -> isContains
co.omise.android.extensions.ViewExtensionsKt -> co.omise.android.extensions.ViewExtensionsKt:
    1:1:void setOnClickListener(android.view.View,kotlin.jvm.functions.Function0):7:7 -> setOnClickListener
co.omise.android.extensions.ViewExtensionsKt$setOnClickListener$1 -> co.omise.android.extensions.ViewExtensionsKt$a:
    kotlin.jvm.functions.Function0 $action -> a
    1:1:void onClick(android.view.View):7:7 -> onClick
co.omise.android.models.APIError -> co.omise.android.models.APIError:
    1:1:void <init>(java.lang.String,java.lang.String,java.lang.String,org.joda.time.DateTime,int,kotlin.jvm.internal.DefaultConstructorMarker):14:14 -> <init>
    2:2:void <init>(java.lang.String,java.lang.String,java.lang.String,org.joda.time.DateTime):15:15 -> <init>
    1:1:java.lang.String getCode():12:12 -> getCode
    1:1:org.joda.time.DateTime getCreated():14:14 -> getCreated
    1:1:java.lang.String getLocation():11:11 -> getLocation
    1:1:java.lang.String getMessage():13:13 -> getMessage
co.omise.android.models.Capability -> co.omise.android.models.Capability:
    1:1:void <init>(java.util.List,java.util.List,boolean,int,kotlin.jvm.internal.DefaultConstructorMarker):21:21 -> <init>
    2:2:void <init>(java.util.List,java.util.List,boolean):22:22 -> <init>
    1:1:java.util.List getBanks():17:17 -> getBanks
    1:1:java.util.List getPaymentMethods():19:19 -> getPaymentMethods
    1:1:boolean getZeroInterestInstallments():21:21 -> getZeroInterestInstallments
co.omise.android.models.Capability$GetCapabilitiesRequestBuilder -> co.omise.android.models.Capability$GetCapabilitiesRequestBuilder:
    1:1:void <init>():27:27 -> <init>
    1:1:okhttp3.HttpUrl path():29:29 -> path
    1:1:java.lang.Class type():31:31 -> type
co.omise.android.models.Card -> co.omise.android.models.Card:
    1:1:void <init>(java.lang.String,java.lang.String,java.lang.String,java.lang.String,java.lang.String,java.lang.String,int,int,java.lang.String,java.lang.String,boolean,java.lang.String,int,kotlin.jvm.internal.DefaultConstructorMarker):30:30 -> <init>
    2:2:void <init>(java.lang.String,java.lang.String,java.lang.String,java.lang.String,java.lang.String,java.lang.String,int,int,java.lang.String,java.lang.String,boolean,java.lang.String):31:31 -> <init>
    1:1:java.lang.String getBank():30:30 -> getBank
    1:1:java.lang.String getBrand():21:21 -> getBrand
    1:1:java.lang.String getCity():15:15 -> getCity
    1:1:java.lang.String getCountry():14:14 -> getCountry
    1:1:int getExpirationMonth():23:23 -> getExpirationMonth
    1:1:int getExpirationYear():25:25 -> getExpirationYear
    1:1:java.lang.String getFinancing():18:18 -> getFinancing
    1:1:java.lang.String getFingerprint():26:26 -> getFingerprint
    1:1:java.lang.String getLastDigits():20:20 -> getLastDigits
    1:1:java.lang.String getName():27:27 -> getName
    1:1:java.lang.String getPostalCode():17:17 -> getPostalCode
    1:1:boolean getSecurityCodeCheck():29:29 -> getSecurityCodeCheck
co.omise.android.models.CardBrand -> co.omise.android.models.CardBrand:
    1:18:void <clinit>():30:47 -> <clinit>
    1:9:void <init>(java.lang.String,java.lang.String,int,int,int):10:18 -> <init>
    1:1:int getLogoResourceId():15:15 -> getLogoResourceId
    1:1:java.lang.String getName():11:11 -> getName
    1:1:java.lang.String getPatternStr():12:12 -> getPatternStr
    1:1:boolean match(java.lang.String):21:21 -> match
    1:1:boolean valid(java.lang.String):25:25 -> valid
co.omise.android.models.CardBrand$Companion -> co.omise.android.models.CardBrand$Companion:
    1:1:void <init>():28:28 -> <init>
    2:2:void <init>(kotlin.jvm.internal.DefaultConstructorMarker):28:28 -> <init>
co.omise.android.models.CardParam -> co.omise.android.models.CardParam:
    1:1:void <init>(java.lang.String,java.lang.String,int,int,java.lang.String,java.lang.String,java.lang.String):5:5 -> <init>
    2:2:void <init>(java.lang.String,java.lang.String,int,int,java.lang.String,java.lang.String,java.lang.String,int,kotlin.jvm.internal.DefaultConstructorMarker):19:19 -> <init>
    1:1:java.lang.String getCity():17:17 -> getCity
    1:1:int getExpirationMonth():11:11 -> getExpirationMonth
    1:1:int getExpirationYear():13:13 -> getExpirationYear
    1:1:java.lang.String getName():7:7 -> getName
    1:1:java.lang.String getNumber():9:9 -> getNumber
    1:1:java.lang.String getPostalCode():19:19 -> getPostalCode
    1:1:java.lang.String getSecurityCode():15:15 -> getSecurityCode
co.omise.android.models.FlowType -> co.omise.android.models.FlowType:
    1:1:void <init>(java.lang.String):14:14 -> <init>
    2:2:void <init>(java.lang.String,kotlin.jvm.internal.DefaultConstructorMarker):14:14 -> <init>
    1:1:java.lang.String getName():15:15 -> getName
co.omise.android.models.FlowType$Companion -> co.omise.android.models.FlowType$Companion:
    1:1:void <init>():22:22 -> <init>
    2:2:void <init>(kotlin.jvm.internal.DefaultConstructorMarker):22:22 -> <init>
    1:2:co.omise.android.models.FlowType creator(java.lang.String):27:28 -> creator
    3:6:co.omise.android.models.FlowType creator(java.lang.String):27:30 -> creator
co.omise.android.models.FlowType$Offline -> co.omise.android.models.FlowType$Offline:
    1:1:void <clinit>():19:19 -> <clinit>
    1:1:void <init>():19:19 -> <init>
co.omise.android.models.FlowType$Redirect -> co.omise.android.models.FlowType$Redirect:
    1:1:void <clinit>():18:18 -> <clinit>
    1:1:void <init>():18:18 -> <init>
co.omise.android.models.FlowType$Unknown -> co.omise.android.models.FlowType$Unknown:
    1:1:void <init>(java.lang.String):20:20 -> <init>
    1:1:java.lang.String getName():20:20 -> getName
co.omise.android.models.FlowTypeParceler -> co.omise.android.models.FlowTypeParceler:
    1:1:void <clinit>():35:35 -> <clinit>
    1:1:void <init>():35:35 -> <init>
    1:1:java.lang.Object create(android.os.Parcel):35:35 -> create
    2:2:co.omise.android.models.FlowType create(android.os.Parcel):37:37 -> create
    1:1:co.omise.android.models.FlowType[] newArray(int):35:35 -> newArray
    2:2:java.lang.Object[] newArray(int):35:35 -> newArray
    1:1:void write(java.lang.Object,android.os.Parcel,int):35:35 -> write
    2:2:void write(co.omise.android.models.FlowType,android.os.Parcel,int):41:41 -> write
co.omise.android.models.Model -> co.omise.android.models.Model:
    1:1:void <init>(java.lang.String,java.lang.String,boolean,java.lang.String,org.joda.time.DateTime,boolean):13:13 -> <init>
    2:2:void <init>(java.lang.String,java.lang.String,boolean,java.lang.String,org.joda.time.DateTime,boolean,int,kotlin.jvm.internal.DefaultConstructorMarker):23:23 -> <init>
    1:7:boolean equals(java.lang.Object):27:33 -> equals
    8:8:boolean equals(java.lang.Object):27:27 -> equals
    1:1:org.joda.time.DateTime getCreated():21:21 -> getCreated
    1:1:boolean getDeleted():23:23 -> getDeleted
    1:1:java.lang.String getId():16:16 -> getId
    1:1:boolean getLivemode():18:18 -> getLivemode
    1:1:java.lang.String getLocation():19:19 -> getLocation
    1:1:java.lang.String getModelObject():15:15 -> getModelObject
    1:6:int hashCode():37:42 -> hashCode
co.omise.android.models.ModelTypeResolver -> co.omise.android.models.ModelTypeResolver:
    1:1:void <init>():13:13 -> <init>
    1:8:java.util.Map getKnownTypes():17:24 -> getKnownTypes
    9:9:java.util.Map getKnownTypes():23:23 -> getKnownTypes
    10:10:java.util.Map getKnownTypes():22:22 -> getKnownTypes
    11:11:java.util.Map getKnownTypes():21:21 -> getKnownTypes
    12:12:java.util.Map getKnownTypes():20:20 -> getKnownTypes
    13:20:java.util.Map getKnownTypes():19:26 -> getKnownTypes
    1:1:com.fasterxml.jackson.annotation.JsonTypeInfo$Id getMechanism():43:43 -> getMechanism
    1:1:java.lang.String idFromValue(java.lang.Object):30:30 -> idFromValue
    1:1:java.lang.String idFromValueAndType(java.lang.Object,java.lang.Class):34:34 -> idFromValueAndType
    1:3:java.util.Map reverse(java.util.Map):47:49 -> reverse
    1:2:com.fasterxml.jackson.databind.JavaType typeFromId(com.fasterxml.jackson.databind.DatabindContext,java.lang.String):38:39 -> typeFromId
co.omise.android.models.PaymentMethod -> co.omise.android.models.PaymentMethod:
    1:1:void <init>(java.lang.String,java.util.List,java.util.List,java.util.List,int,kotlin.jvm.internal.DefaultConstructorMarker):14:14 -> <init>
    2:2:void <init>(java.lang.String,java.util.List,java.util.List,java.util.List):15:15 -> <init>
    1:1:java.util.List getCardBrands():12:12 -> getCardBrands
    1:1:java.util.List getCurrencies():10:10 -> getCurrencies
    1:1:java.util.List getInstallmentTerms():14:14 -> getInstallmentTerms
    1:1:java.lang.String getName():9:9 -> getName
co.omise.android.models.References -> co.omise.android.models.References:
    1:1:void <init>(java.lang.String,java.lang.String,java.lang.String,java.lang.String,java.lang.String,org.joda.time.DateTime,int,kotlin.jvm.internal.DefaultConstructorMarker):25:25 -> <init>
    2:2:void <init>(java.lang.String,java.lang.String,java.lang.String,java.lang.String,java.lang.String,org.joda.time.DateTime):26:26 -> <init>
    1:1:java.lang.String getBarcode():23:23 -> getBarcode
    1:1:org.joda.time.DateTime getExpiresAt():25:25 -> getExpiresAt
    1:1:java.lang.String getOmiseTaxId():18:18 -> getOmiseTaxId
    1:1:java.lang.String getReferenceNumber1():20:20 -> getReferenceNumber1
    1:1:java.lang.String getReferenceNumber2():22:22 -> getReferenceNumber2
    1:1:java.lang.String getVaCode():16:16 -> getVaCode
co.omise.android.models.Serializer -> co.omise.android.models.Serializer:
    1:30:void <init>():22:51 -> <init>
    31:35:void <init>():50:54 -> <init>
    36:36:void <init>():53:53 -> <init>
    37:46:void <init>():49:58 -> <init>
    47:52:void <init>():57:62 -> <init>
    1:1:co.omise.android.models.Model deserialize(java.io.InputStream,java.lang.Class):76:76 -> deserialize
    2:2:java.lang.Error deserialize(java.io.InputStream,java.lang.Class):90:90 -> deserialize
    1:1:org.joda.time.format.DateTimeFormatter getDateTimeFormatter():37:37 -> getDateTimeFormatter
    1:1:org.joda.time.format.DateTimeFormatter getLocalDateFormatter():45:45 -> getLocalDateFormatter
    1:1:com.fasterxml.jackson.databind.ObjectMapper getObjectMapper():29:29 -> getObjectMapper
    1:1:com.fasterxml.jackson.databind.ObjectMapper objectMapper():118:118 -> objectMapper
    1:1:void serializeRequestBuilder(java.io.OutputStream,co.omise.android.api.RequestBuilder):114:114 -> serializeRequestBuilder
    1:1:java.util.Map serializeToMap(co.omise.android.models.Model):101:101 -> serializeToMap
    1:1:void setDateTimeFormatter(org.joda.time.format.DateTimeFormatter):37:37 -> setDateTimeFormatter
    1:1:void setLocalDateFormatter(org.joda.time.format.DateTimeFormatter):45:45 -> setLocalDateFormatter
    1:1:void setObjectMapper(com.fasterxml.jackson.databind.ObjectMapper):29:29 -> setObjectMapper
co.omise.android.models.Serializer$serializeToMap$1 -> co.omise.android.models.Serializer$serializeToMap$1:
    1:1:void <init>():101:101 -> <init>
co.omise.android.models.Source -> co.omise.android.models.Source:
    1:18:void <init>(co.omise.android.models.SourceType,co.omise.android.models.FlowType,long,java.lang.String,java.lang.String,co.omise.android.models.References,java.lang.String,java.lang.String,java.lang.String,java.lang.String,java.lang.String,java.lang.String,int,int,kotlin.jvm.internal.DefaultConstructorMarker):22:39 -> <init>
    19:19:void <init>(co.omise.android.models.SourceType,co.omise.android.models.FlowType,long,java.lang.String,java.lang.String,co.omise.android.models.References,java.lang.String,java.lang.String,java.lang.String,java.lang.String,java.lang.String,java.lang.String,int):40:40 -> <init>
    1:1:long getAmount():24:24 -> getAmount
    1:1:java.lang.String getBarcode():26:26 -> getBarcode
    1:1:java.lang.String getCurrency():25:25 -> getCurrency
    1:1:java.lang.String getEmail():35:35 -> getEmail
    1:1:co.omise.android.models.FlowType getFlow():23:23 -> getFlow
    1:1:int getInstallmentTerm():39:39 -> getInstallmentTerm
    1:1:java.lang.String getName():34:34 -> getName
    1:1:java.lang.String getPhoneNumber():37:37 -> getPhoneNumber
    1:1:co.omise.android.models.References getReferences():27:27 -> getReferences
    1:1:java.lang.String getStoreId():29:29 -> getStoreId
    1:1:java.lang.String getStoreName():31:31 -> getStoreName
    1:1:java.lang.String getTerminalId():33:33 -> getTerminalId
    1:1:co.omise.android.models.SourceType getType():22:22 -> getType
co.omise.android.models.Source$CreateSourceRequestBuilder -> co.omise.android.models.Source$CreateSourceRequestBuilder:
    1:1:void <init>(long,java.lang.String,co.omise.android.models.SourceType):51:51 -> <init>
    1:1:co.omise.android.models.Source$CreateSourceRequestBuilder barcode(java.lang.String):95:95 -> barcode
    1:1:co.omise.android.models.Source$CreateSourceRequestBuilder description(java.lang.String):90:90 -> description
    1:1:co.omise.android.models.Source$CreateSourceRequestBuilder email(java.lang.String):120:120 -> email
    1:1:long getAmount():47:47 -> getAmount
    1:1:java.lang.String getCurrency():49:49 -> getCurrency
    1:1:co.omise.android.models.SourceType getType():50:50 -> getType
    1:1:co.omise.android.models.Source$CreateSourceRequestBuilder installmentTerm(int):130:130 -> installmentTerm
    1:1:co.omise.android.models.Source$CreateSourceRequestBuilder name(java.lang.String):115:115 -> name
    1:1:okhttp3.HttpUrl path():77:77 -> path
    1:1:okhttp3.RequestBody payload():82:82 -> payload
    1:1:co.omise.android.models.Source$CreateSourceRequestBuilder phoneNumber(java.lang.String):125:125 -> phoneNumber
    1:1:co.omise.android.models.Source$CreateSourceRequestBuilder storeId(java.lang.String):100:100 -> storeId
    1:1:co.omise.android.models.Source$CreateSourceRequestBuilder storeName(java.lang.String):105:105 -> storeName
    1:1:co.omise.android.models.Source$CreateSourceRequestBuilder terminalId(java.lang.String):110:110 -> terminalId
    1:1:java.lang.Class type():86:86 -> type
co.omise.android.models.SourceType -> co.omise.android.models.SourceType:
    1:1:void <init>(java.lang.String):14:14 -> <init>
    2:2:void <init>(java.lang.String,kotlin.jvm.internal.DefaultConstructorMarker):14:14 -> <init>
    1:1:java.lang.String getName():15:15 -> getName
co.omise.android.models.SourceType$Alipay -> co.omise.android.models.SourceType$Alipay:
    1:1:void <clinit>():22:22 -> <clinit>
    1:1:void <init>():22:22 -> <init>
co.omise.android.models.SourceType$BarcodeAlipay -> co.omise.android.models.SourceType$BarcodeAlipay:
    1:1:void <clinit>():24:24 -> <clinit>
    1:1:void <init>():24:24 -> <init>
co.omise.android.models.SourceType$BillPaymentTescoLotus -> co.omise.android.models.SourceType$BillPaymentTescoLotus:
    1:1:void <clinit>():23:23 -> <clinit>
    1:1:void <init>():23:23 -> <init>
co.omise.android.models.SourceType$Companion -> co.omise.android.models.SourceType$Companion:
    1:1:void <init>():34:34 -> <init>
    2:2:void <init>(kotlin.jvm.internal.DefaultConstructorMarker):34:34 -> <init>
    1:14:co.omise.android.models.SourceType creator(java.lang.String):38:51 -> creator
    15:27:co.omise.android.models.SourceType creator(java.lang.String):38:50 -> creator
    28:38:co.omise.android.models.SourceType creator(java.lang.String):38:48 -> creator
    39:48:co.omise.android.models.SourceType creator(java.lang.String):38:47 -> creator
    49:55:co.omise.android.models.SourceType creator(java.lang.String):38:44 -> creator
    56:64:co.omise.android.models.SourceType creator(java.lang.String):38:46 -> creator
    65:72:co.omise.android.models.SourceType creator(java.lang.String):38:45 -> creator
    73:87:co.omise.android.models.SourceType creator(java.lang.String):38:52 -> creator
    88:93:co.omise.android.models.SourceType creator(java.lang.String):38:43 -> creator
    94:105:co.omise.android.models.SourceType creator(java.lang.String):38:49 -> creator
    106:109:co.omise.android.models.SourceType creator(java.lang.String):38:41 -> creator
    110:112:co.omise.android.models.SourceType creator(java.lang.String):38:40 -> creator
    113:117:co.omise.android.models.SourceType creator(java.lang.String):38:42 -> creator
    118:133:co.omise.android.models.SourceType creator(java.lang.String):38:53 -> creator
co.omise.android.models.SourceType$Econtext -> co.omise.android.models.SourceType$Econtext:
    1:1:void <clinit>():25:25 -> <clinit>
    1:1:void <init>():25:25 -> <init>
co.omise.android.models.SourceType$InstallmentBay -> co.omise.android.models.SourceType$InstallmentBay:
    1:1:void <clinit>():27:27 -> <clinit>
    1:1:void <init>():27:27 -> <init>
co.omise.android.models.SourceType$InstallmentBbl -> co.omise.android.models.SourceType$InstallmentBbl:
    1:1:void <clinit>():29:29 -> <clinit>
    1:1:void <init>():29:29 -> <init>
co.omise.android.models.SourceType$InstallmentFirstChoice -> co.omise.android.models.SourceType$InstallmentFirstChoice:
    1:1:void <clinit>():28:28 -> <clinit>
    1:1:void <init>():28:28 -> <init>
co.omise.android.models.SourceType$InstallmentKBank -> co.omise.android.models.SourceType$InstallmentKBank:
    1:1:void <clinit>():31:31 -> <clinit>
    1:1:void <init>():31:31 -> <init>
co.omise.android.models.SourceType$InstallmentKtc -> co.omise.android.models.SourceType$InstallmentKtc:
    1:1:void <clinit>():30:30 -> <clinit>
    1:1:void <init>():30:30 -> <init>
co.omise.android.models.SourceType$InternetBankingBay -> co.omise.android.models.SourceType$InternetBankingBay:
    1:1:void <clinit>():18:18 -> <clinit>
    1:1:void <init>():18:18 -> <init>
co.omise.android.models.SourceType$InternetBankingBbl -> co.omise.android.models.SourceType$InternetBankingBbl:
    1:1:void <clinit>():21:21 -> <clinit>
    1:1:void <init>():21:21 -> <init>
co.omise.android.models.SourceType$InternetBankingKtb -> co.omise.android.models.SourceType$InternetBankingKtb:
    1:1:void <clinit>():19:19 -> <clinit>
    1:1:void <init>():19:19 -> <init>
co.omise.android.models.SourceType$InternetBankingScb -> co.omise.android.models.SourceType$InternetBankingScb:
    1:1:void <clinit>():20:20 -> <clinit>
    1:1:void <init>():20:20 -> <init>
co.omise.android.models.SourceType$TrueMoney -> co.omise.android.models.SourceType$TrueMoney:
    1:1:void <clinit>():26:26 -> <clinit>
    1:1:void <init>():26:26 -> <init>
co.omise.android.models.SourceType$Unknown -> co.omise.android.models.SourceType$Unknown:
    1:1:void <init>(java.lang.String):32:32 -> <init>
    1:1:java.lang.String getName():32:32 -> getName
co.omise.android.models.SourceTypeParceler -> co.omise.android.models.SourceTypeParceler:
    1:1:void <clinit>():58:58 -> <clinit>
    1:1:void <init>():58:58 -> <init>
    1:1:java.lang.Object create(android.os.Parcel):58:58 -> create
    2:2:co.omise.android.models.SourceType create(android.os.Parcel):60:60 -> create
    1:1:co.omise.android.models.SourceType[] newArray(int):58:58 -> newArray
    2:2:java.lang.Object[] newArray(int):58:58 -> newArray
    1:1:void write(java.lang.Object,android.os.Parcel,int):58:58 -> write
    2:2:void write(co.omise.android.models.SourceType,android.os.Parcel,int):64:64 -> write
co.omise.android.models.Token -> co.omise.android.models.Token:
    1:1:void <init>(boolean,co.omise.android.models.Card,int,kotlin.jvm.internal.DefaultConstructorMarker):20:20 -> <init>
    2:2:void <init>(boolean,co.omise.android.models.Card):21:21 -> <init>
    1:1:co.omise.android.models.Card getCard():20:20 -> getCard
    1:1:boolean getUsed():19:19 -> getUsed
co.omise.android.models.Token$CreateTokenRequestBuilder -> co.omise.android.models.Token$CreateTokenRequestBuilder:
    1:1:void <init>(co.omise.android.models.CardParam):29:29 -> <init>
    1:1:co.omise.android.models.CardParam getCard():28:28 -> getCard
    1:1:okhttp3.HttpUrl path():31:31 -> path
    1:1:okhttp3.RequestBody payload():36:36 -> payload
    1:1:java.lang.Class type():44:44 -> type
co.omise.android.ui.AuthorizingPaymentActivity -> co.omise.android.ui.AuthorizingPaymentActivity:
    1:1:void <init>():21:21 -> <init>
    1:1:co.omise.android.AuthorizingPaymentURLVerifier access$getVerifier$p(co.omise.android.ui.AuthorizingPaymentActivity):21:21 -> access$getVerifier$p
    1:1:void access$setVerifier$p(co.omise.android.ui.AuthorizingPaymentActivity,co.omise.android.AuthorizingPaymentURLVerifier):21:21 -> access$setVerifier$p
    1:4:void onActivityResult(int,int,android.content.Intent):65:68 -> onActivityResult
    1:2:void onBackPressed():73:74 -> onBackPressed
    1:13:void onCreate(android.os.Bundle):27:39 -> onCreate
    14:14:void onCreate(android.os.Bundle):29:29 -> onCreate
co.omise.android.ui.AuthorizingPaymentActivity$onCreate$1 -> co.omise.android.ui.AuthorizingPaymentActivity$onCreate$1:
    1:1:void <init>(co.omise.android.ui.AuthorizingPaymentActivity):39:39 -> <init>
    1:14:boolean shouldOverrideUrlLoading(android.webkit.WebView,java.lang.String):41:54 -> shouldOverrideUrlLoading
co.omise.android.ui.CardNameEditText -> co.omise.android.ui.CardNameEditText:
    1:9:void <init>(android.content.Context):9:17 -> <init>
    10:17:void <init>(android.content.Context,android.util.AttributeSet) -> <init>
    18:24:void <init>(android.content.Context,android.util.AttributeSet,int):11:17 -> <init>
    1:1:java.lang.String getCardName():14:14 -> getCardName
co.omise.android.ui.CreditCardActivity -> co.omise.android.ui.CreditCardActivity:
    1:15:void <init>():36:50 -> <init>
    1:1:void access$enableForm(co.omise.android.ui.CreditCardActivity):36:36 -> access$enableForm
    1:1:co.omise.android.ui.CardNameEditText access$getCardNameEdit$p(co.omise.android.ui.CreditCardActivity):36:36 -> access$getCardNameEdit$p
    1:1:android.widget.TextView access$getCardNameErrorText$p(co.omise.android.ui.CreditCardActivity):36:36 -> access$getCardNameErrorText$p
    1:1:co.omise.android.ui.CreditCardEditText access$getCardNumberEdit$p(co.omise.android.ui.CreditCardActivity):36:36 -> access$getCardNumberEdit$p
    1:1:android.widget.TextView access$getCardNumberErrorText$p(co.omise.android.ui.CreditCardActivity):36:36 -> access$getCardNumberErrorText$p
    1:1:android.widget.LinearLayout access$getScrollView$p(co.omise.android.ui.CreditCardActivity):36:36 -> access$getScrollView$p
    1:1:co.omise.android.ui.ExpiryDateEditText access$getExpiryDateEdit$p(co.omise.android.ui.CreditCardActivity):36:36 -> access$getExpiryDateEdit$p
    1:1:android.widget.TextView access$getExpiryDateErrorText$p(co.omise.android.ui.CreditCardActivity):36:36 -> access$getExpiryDateErrorText$p
    1:1:co.omise.android.ui.SecurityCodeEditText access$getSecurityCodeEdit$p(co.omise.android.ui.CreditCardActivity):36:36 -> access$getSecurityCodeEdit$p
    1:1:android.widget.TextView access$getSecurityCodeErrorText$p(co.omise.android.ui.CreditCardActivity):36:36 -> access$getSecurityCodeErrorText$p
    1:1:void access$showSecurityCodeTooltipDialog(co.omise.android.ui.CreditCardActivity):36:36 -> access$showSecurityCodeTooltipDialog
    1:1:void access$submit(co.omise.android.ui.CreditCardActivity):36:36 -> access$submit
    1:1:void access$updateSubmitButton(co.omise.android.ui.CreditCardActivity):36:36 -> access$updateSubmitButton
    1:1:void disableForm():138:138 -> disableForm
    1:1:void enableForm():142:142 -> enableForm
    1:2:void onBackPressed():108:109 -> onBackPressed
    1:141:void onCreate(android.os.Bundle):60:200 -> onCreate
    142:161:void onCreate(android.os.Bundle):74:93 -> onCreate
    162:162:void onCreate(android.os.Bundle):63:63 -> onCreate
    1:7:boolean onOptionsItemSelected(android.view.MenuItem):98:104 -> onOptionsItemSelected
    1:57:void setFormEnabled(boolean):146:202 -> setFormEnabled
    58:59:void setFormEnabled(boolean):146:147 -> setFormEnabled
    1:3:void showSecurityCodeTooltipDialog():185:187 -> showSecurityCodeTooltipDialog
    1:24:void submit():151:174 -> submit
    1:28:void updateSubmitButton():179:206 -> updateSubmitButton
    29:62:void updateSubmitButton():179:212 -> updateSubmitButton
    63:63:void updateSubmitButton():180:180 -> updateSubmitButton
    64:94:void updateSubmitButton():179:209 -> updateSubmitButton
co.omise.android.ui.CreditCardActivity$Companion -> co.omise.android.ui.CreditCardActivity$Companion:
    1:1:void <init>():190:190 -> <init>
    2:2:void <init>(kotlin.jvm.internal.DefaultConstructorMarker):190:190 -> <init>
co.omise.android.ui.CreditCardActivity$CreateTokenRequestListener -> co.omise.android.ui.CreditCardActivity$a:
    co.omise.android.ui.CreditCardActivity this$0 -> a
    1:1:void <init>(co.omise.android.ui.CreditCardActivity):112:112 -> <init>
    1:7:void onRequestSucceed(co.omise.android.models.Token):115:121 -> a
    1:9:void onRequestFailed(java.lang.Throwable):125:133 -> onRequestFailed
    1:1:void onRequestSucceed(co.omise.android.models.Model):112:112 -> onRequestSucceed
co.omise.android.ui.CreditCardActivity$cardNameEdit$2 -> co.omise.android.ui.CreditCardActivity$b:
    co.omise.android.ui.CreditCardActivity this$0 -> a
    1:1:java.lang.Object invoke():36:36 -> invoke
    2:2:co.omise.android.ui.CardNameEditText invoke():39:39 -> invoke
co.omise.android.ui.CreditCardActivity$cardNameErrorText$2 -> co.omise.android.ui.CreditCardActivity$c:
    co.omise.android.ui.CreditCardActivity this$0 -> a
    1:1:java.lang.Object invoke():36:36 -> invoke
    2:2:android.widget.TextView invoke():45:45 -> invoke
co.omise.android.ui.CreditCardActivity$cardNumberEdit$2 -> co.omise.android.ui.CreditCardActivity$d:
    co.omise.android.ui.CreditCardActivity this$0 -> a
    1:1:java.lang.Object invoke():36:36 -> invoke
    2:2:co.omise.android.ui.CreditCardEditText invoke():38:38 -> invoke
co.omise.android.ui.CreditCardActivity$cardNumberErrorText$2 -> co.omise.android.ui.CreditCardActivity$e:
    co.omise.android.ui.CreditCardActivity this$0 -> a
    1:1:java.lang.Object invoke():36:36 -> invoke
    2:2:android.widget.TextView invoke():44:44 -> invoke
co.omise.android.ui.CreditCardActivity$containerLayout$2 -> co.omise.android.ui.CreditCardActivity$f:
    co.omise.android.ui.CreditCardActivity this$0 -> a
    1:1:java.lang.Object invoke():36:36 -> invoke
    2:2:android.widget.LinearLayout invoke():43:43 -> invoke
co.omise.android.ui.CreditCardActivity$editTexts$2 -> co.omise.android.ui.CreditCardActivity$g:
    co.omise.android.ui.CreditCardActivity this$0 -> a
    1:1:java.lang.Object invoke():36:36 -> invoke
    2:6:java.util.List invoke():51:55 -> invoke
    7:7:java.util.List invoke():51:51 -> invoke
co.omise.android.ui.CreditCardActivity$expiryDateEdit$2 -> co.omise.android.ui.CreditCardActivity$h:
    co.omise.android.ui.CreditCardActivity this$0 -> a
    1:1:java.lang.Object invoke():36:36 -> invoke
    2:2:co.omise.android.ui.ExpiryDateEditText invoke():40:40 -> invoke
co.omise.android.ui.CreditCardActivity$expiryDateErrorText$2 -> co.omise.android.ui.CreditCardActivity$i:
    co.omise.android.ui.CreditCardActivity this$0 -> a
    1:1:java.lang.Object invoke():36:36 -> invoke
    2:2:android.widget.TextView invoke():46:46 -> invoke
co.omise.android.ui.CreditCardActivity$onCreate$$inlined$forEach$lambda$1 -> co.omise.android.ui.CreditCardActivity$j:
    co.omise.android.ui.CreditCardActivity this$0 -> b
    kotlin.Pair $it -> a
    1:11:void onFocusChange(android.view.View,boolean):77:87 -> onFocusChange
    12:16:void onFocusChange(android.view.View,boolean):79:83 -> onFocusChange
    17:28:void onFocusChange(android.view.View,boolean):79:90 -> onFocusChange
co.omise.android.ui.CreditCardActivity$onCreate$2 -> co.omise.android.ui.CreditCardActivity$k:
    1:1:java.lang.Object invoke():36:36 -> invoke
    2:2:void invoke():70:70 -> invoke
co.omise.android.ui.CreditCardActivity$onCreate$3 -> co.omise.android.ui.CreditCardActivity$l:
    1:1:java.lang.Object invoke():36:36 -> invoke
    2:2:void invoke():71:71 -> invoke
co.omise.android.ui.CreditCardActivity$onCreate$4$2 -> co.omise.android.ui.CreditCardActivity$m:
    1:1:java.lang.Object invoke():36:36 -> invoke
    2:2:void invoke():93:93 -> invoke
co.omise.android.ui.CreditCardActivity$securityCodeEdit$2 -> co.omise.android.ui.CreditCardActivity$n:
    co.omise.android.ui.CreditCardActivity this$0 -> a
    1:1:java.lang.Object invoke():36:36 -> invoke
    2:2:co.omise.android.ui.SecurityCodeEditText invoke():41:41 -> invoke
co.omise.android.ui.CreditCardActivity$securityCodeErrorText$2 -> co.omise.android.ui.CreditCardActivity$o:
    co.omise.android.ui.CreditCardActivity this$0 -> a
    1:1:java.lang.Object invoke():36:36 -> invoke
    2:2:android.widget.TextView invoke():47:47 -> invoke
co.omise.android.ui.CreditCardActivity$securityCodeTooltipButton$2 -> co.omise.android.ui.CreditCardActivity$p:
    co.omise.android.ui.CreditCardActivity this$0 -> a
    1:1:java.lang.Object invoke():36:36 -> invoke
    2:2:android.widget.ImageButton invoke():48:48 -> invoke
co.omise.android.ui.CreditCardActivity$submitButton$2 -> co.omise.android.ui.CreditCardActivity$q:
    co.omise.android.ui.CreditCardActivity this$0 -> a
    1:1:java.lang.Object invoke():36:36 -> invoke
    2:2:android.widget.Button invoke():42:42 -> invoke
co.omise.android.ui.CreditCardEditText -> co.omise.android.ui.CreditCardEditText:
    1:34:void <init>(android.content.Context):32:65 -> <init>
    35:66:void <init>(android.content.Context,android.util.AttributeSet):34:65 -> <init>
    67:96:void <init>(android.content.Context,android.util.AttributeSet,int):36:65 -> <init>
    1:1:void access$updateCardBrandImage(co.omise.android.ui.CreditCardEditText):16:16 -> access$updateCardBrandImage
    1:1:co.omise.android.models.CardBrand getCardBrand():30:30 -> getCardBrand
    1:1:java.lang.String getCardNumber():27:27 -> getCardNumber
    1:5:void onDraw(android.graphics.Canvas):69:73 -> onDraw
    1:9:void updateCardBrandImage():88:96 -> updateCardBrandImage
    1:6:void validate():78:83 -> validate
    7:7:void validate():80:80 -> validate
co.omise.android.ui.CreditCardEditText$1 -> co.omise.android.ui.CreditCardEditText$1:
    1:1:void <init>(co.omise.android.ui.CreditCardEditText):42:42 -> <init>
    1:14:void afterTextChanged(android.text.Editable):48:61 -> afterTextChanged
co.omise.android.ui.CreditCardEditText$Companion -> co.omise.android.ui.CreditCardEditText$Companion:
    1:1:void <init>():18:18 -> <init>
    2:2:void <init>(kotlin.jvm.internal.DefaultConstructorMarker):18:18 -> <init>
co.omise.android.ui.ExpiryDateEditText -> co.omise.android.ui.ExpiryDateEditText:
    1:1:void <init>(android.content.Context):28:28 -> <init>
    2:20:void <init>(android.content.Context):18:36 -> <init>
    21:21:void <init>(android.content.Context,android.util.AttributeSet):29:29 -> <init>
    22:40:void <init>(android.content.Context,android.util.AttributeSet):18:36 -> <init>
    41:41:void <init>(android.content.Context,android.util.AttributeSet,int):30:30 -> <init>
    42:60:void <init>(android.content.Context,android.util.AttributeSet,int):18:36 -> <init>
    1:1:int access$getCursorPosition$p(co.omise.android.ui.ExpiryDateEditText):14:14 -> access$getCursorPosition$p
    1:1:void access$notifyExpiryDateChanged(co.omise.android.ui.ExpiryDateEditText,java.lang.String):14:14 -> access$notifyExpiryDateChanged
    1:1:void access$setCursorPosition$p(co.omise.android.ui.ExpiryDateEditText,int):14:14 -> access$setCursorPosition$p
    1:1:void access$setExpiryDateText(co.omise.android.ui.ExpiryDateEditText,java.lang.String):14:14 -> access$setExpiryDateText
    1:2:java.lang.String addDateSeparatorIfNeed(java.lang.String):148:149 -> addDateSeparatorIfNeed
    1:2:java.lang.String addZeroPrefixIfNeed(java.lang.String):153:154 -> addZeroPrefixIfNeed
    1:4:java.lang.String formatString(java.lang.String):141:144 -> formatString
    1:1:java.lang.String formatString$default(co.omise.android.ui.ExpiryDateEditText,java.lang.String,int,java.lang.Object):139:139 -> formatString$default
    1:1:int getExpiryMonth():25:25 -> getExpiryMonth
    1:1:int getExpiryYear():26:26 -> getExpiryYear
    1:13:void notifyExpiryDateChanged(java.lang.String):98:110 -> notifyExpiryDateChanged
    1:1:void notifyExpiryDateChanged$default(co.omise.android.ui.ExpiryDateEditText,java.lang.String,int,java.lang.Object):97:97 -> notifyExpiryDateChanged$default
    1:3:void onSelectionChanged(int,int):40:42 -> onSelectionChanged
    1:8:kotlin.Pair separateDates(java.lang.String):161:168 -> separateDates
    1:2:void setExpiryDate(int,int):124:125 -> setExpiryDate
    3:3:void setExpiryDate(int,int):122:122 -> setExpiryDate
    1:7:void setExpiryDateText(java.lang.String):88:94 -> setExpiryDateText
    1:1:void setExpiryMonth(int):25:25 -> setExpiryMonth
    1:1:void setExpiryYear(int):26:26 -> setExpiryYear
    1:1:void setInternalTextChangedListener(co.omise.android.ui.ExpiryDateEditText$ExpiryDateChangeListener):116:116 -> setInternalTextChangedListener
    1:9:void validate():46:54 -> validate
co.omise.android.ui.ExpiryDateEditText$Companion -> co.omise.android.ui.ExpiryDateEditText$Companion:
    1:1:void <init>():128:128 -> <init>
    2:2:void <init>(kotlin.jvm.internal.DefaultConstructorMarker):128:128 -> <init>
co.omise.android.ui.ExpiryDateEditText$ExpiryDateTextWatcher -> co.omise.android.ui.ExpiryDateEditText$a:
    java.lang.String beforeChangedText -> a
    co.omise.android.ui.ExpiryDateEditText this$0 -> b
    1:2:void <init>(co.omise.android.ui.ExpiryDateEditText):58:59 -> <init>
    1:2:void beforeTextChanged(java.lang.CharSequence,int,int,int):63:64 -> beforeTextChanged
    1:16:void onTextChanged(java.lang.CharSequence,int,int,int):68:83 -> onTextChanged
co.omise.android.ui.ExpiryDateEditText$startedYear$2 -> co.omise.android.ui.ExpiryDateEditText$b:
    co.omise.android.ui.ExpiryDateEditText$startedYear$2 INSTANCE -> a
    1:1:java.lang.Object invoke():14:14 -> invoke
    2:3:int invoke():21:22 -> invoke
co.omise.android.ui.ExpiryMonthSpinnerAdapter -> co.omise.android.ui.ExpiryMonthSpinnerAdapter:
    1:1:void <init>():11:11 -> <init>
    1:1:java.lang.String getItemDropDownLabel(int):16:16 -> getItemDropDownLabel
    1:1:java.lang.String getItemLabel(int):21:21 -> getItemLabel
co.omise.android.ui.ExpiryYearSpinnerAdapter -> co.omise.android.ui.ExpiryYearSpinnerAdapter:
    1:1:void <init>():11:11 -> <init>
    1:1:java.lang.String getItemDropDownLabel(int):16:16 -> getItemDropDownLabel
    1:1:java.lang.String getItemLabel(int):21:21 -> getItemLabel
co.omise.android.ui.InputValidationException -> co.omise.android.ui.InputValidationException:
    1:1:void <init>():35:35 -> <init>
    2:2:void <init>(kotlin.jvm.internal.DefaultConstructorMarker):35:35 -> <init>
co.omise.android.ui.InputValidationException$EmptyInputException -> co.omise.android.ui.InputValidationException$EmptyInputException:
    1:1:void <clinit>():36:36 -> <clinit>
    1:1:void <init>():36:36 -> <init>
co.omise.android.ui.InputValidationException$InvalidInputException -> co.omise.android.ui.InputValidationException$InvalidInputException:
    1:1:void <clinit>():37:37 -> <clinit>
    1:1:void <init>():37:37 -> <init>
co.omise.android.ui.NumberRangeSpinnerAdapter -> co.omise.android.ui.NumberRangeSpinnerAdapter:
    1:1:void <init>(int,int):24:24 -> <init>
    2:9:void <init>(int,int):19:26 -> <init>
    1:1:int getCount():81:81 -> getCount
    1:8:android.view.View getDropDownView(int,android.view.View,android.view.ViewGroup):43:50 -> getDropDownView
    1:1:java.lang.Object getItem(int):86:86 -> getItem
    1:1:java.lang.String getItemDropDownLabel(int):30:30 -> getItemDropDownLabel
    1:1:long getItemId(int):91:91 -> getItemId
    1:1:java.lang.String getItemLabel(int):34:34 -> getItemLabel
    1:1:int getPosition(int):38:38 -> getPosition
    1:8:android.view.View getView(int,android.view.View,android.view.ViewGroup):57:64 -> getView
    1:1:void registerDataSetObserver(android.database.DataSetObserver):71:71 -> registerDataSetObserver
    1:1:void unregisterDataSetObserver(android.database.DataSetObserver):76:76 -> unregisterDataSetObserver
co.omise.android.ui.OmiseEditText -> co.omise.android.ui.OmiseEditText:
    1:1:void <init>(android.content.Context):28:28 -> <init>
    2:2:void <init>(android.content.Context,android.util.AttributeSet):30:30 -> <init>
    3:3:void <init>(android.content.Context,android.util.AttributeSet,int):32:32 -> <init>
    1:1:boolean isValid():14:14 -> isValid
    1:3:void validate():22:24 -> validate
    4:4:void validate():22:22 -> validate
co.omise.android.ui.SecurityCodeEditText -> co.omise.android.ui.SecurityCodeEditText:
    1:9:void <init>(android.content.Context):18:26 -> <init>
    10:16:void <init>(android.content.Context,android.util.AttributeSet):20:26 -> <init>
    17:21:void <init>(android.content.Context,android.util.AttributeSet,int):22:26 -> <init>
    1:1:java.lang.String getSecurityCode():16:16 -> getSecurityCode
    1:5:void validate():30:34 -> validate
    6:6:void validate():32:32 -> validate
co.omise.android.ui.SecurityCodeEditText$Companion -> co.omise.android.ui.SecurityCodeEditText$Companion:
    1:1:void <init>():10:10 -> <init>
    2:2:void <init>(kotlin.jvm.internal.DefaultConstructorMarker):10:10 -> <init>
co.omise.android.ui.SecurityCodeTooltipDialogFragment -> co.omise.android.ui.SecurityCodeTooltipDialogFragment:
    1:5:void <init>():20:24 -> <init>
    1:14:void onActivityCreated(android.os.Bundle):38:51 -> onActivityCreated
    1:3:void onCreate(android.os.Bundle):28:30 -> onCreate
    1:1:android.view.View onCreateView(android.view.LayoutInflater,android.view.ViewGroup,android.os.Bundle):34:34 -> onCreateView
co.omise.android.ui.SecurityCodeTooltipDialogFragment$Companion -> co.omise.android.ui.SecurityCodeTooltipDialogFragment$Companion:
    1:1:void <init>():56:56 -> <init>
    2:2:void <init>(kotlin.jvm.internal.DefaultConstructorMarker):56:56 -> <init>
    1:5:co.omise.android.ui.SecurityCodeTooltipDialogFragment newInstant(co.omise.android.models.CardBrand):60:64 -> newInstant
co.omise.android.ui.SecurityCodeTooltipDialogFragment$closeButton$2 -> co.omise.android.ui.SecurityCodeTooltipDialogFragment$a:
    co.omise.android.ui.SecurityCodeTooltipDialogFragment this$0 -> a
    1:1:java.lang.Object invoke():20:20 -> invoke
    2:2:android.widget.ImageButton invoke():24:24 -> invoke
co.omise.android.ui.SecurityCodeTooltipDialogFragment$cvvDescriptionText$2 -> co.omise.android.ui.SecurityCodeTooltipDialogFragment$b:
    co.omise.android.ui.SecurityCodeTooltipDialogFragment this$0 -> a
    1:1:java.lang.Object invoke():20:20 -> invoke
    2:2:android.widget.TextView invoke():23:23 -> invoke
co.omise.android.ui.SecurityCodeTooltipDialogFragment$cvvImage$2 -> co.omise.android.ui.SecurityCodeTooltipDialogFragment$c:
    co.omise.android.ui.SecurityCodeTooltipDialogFragment this$0 -> a
    1:1:java.lang.Object invoke():20:20 -> invoke
    2:2:android.widget.ImageView invoke():22:22 -> invoke
co.omise.android.ui.SecurityCodeTooltipDialogFragment$onActivityCreated$1 -> co.omise.android.ui.SecurityCodeTooltipDialogFragment$d:
    co.omise.android.ui.SecurityCodeTooltipDialogFragment this$0 -> a
    1:1:void onClick(android.view.View):42:42 -> onClick
